// Vitest Snapshot v1

exports[`Component > can test federated components 1`] = `
<DocumentFragment>
  <div>
    <button>
      Federated button
    </button>
    <button>
      Another federated button
    </button>
  </div>
</DocumentFragment>
`;
